12:14:40.780 [main] DEBUG org.testng.TestNG - suiteXmlPath: "C:\Users\dnyan\AppData\Local\Temp\testng-eclipse--1398849133\testng-customsuite.xml"
12:14:40.983 [main] INFO  org.testng.internal.Utils - [Utils] MethodGroupsHelper.collectMethodsByGroup() took 1 ms.
12:14:40.985 [main] INFO  org.testng.internal.Utils - [Utils] MethodGroupsHelper.sortMethods() took 1 ms.
12:14:40.987 [main] INFO  org.testng.internal.Utils - [Utils] MethodGroupsHelper.collectMethodsByGroup() took 0 ms.
12:14:40.987 [main] INFO  org.testng.internal.Utils - [Utils] MethodGroupsHelper.sortMethods() took 0 ms.
12:14:40.988 [main] INFO  org.testng.internal.Utils - [Utils] MethodGroupsHelper.collectMethodsByGroup() took 0 ms.
12:14:40.988 [main] INFO  org.testng.internal.Utils - [Utils] MethodGroupsHelper.sortMethods() took 0 ms.
12:14:40.988 [main] INFO  org.testng.internal.Utils - [Utils] MethodGroupsHelper.collectMethodsByGroup() took 0 ms.
12:14:40.988 [main] INFO  org.testng.internal.Utils - [Utils] MethodGroupsHelper.sortMethods() took 0 ms.
12:14:40.994 [main] INFO  org.testng.internal.Utils - [Utils] MethodGroupsHelper.collectMethodsByGroup() took 4 ms.
12:14:41.002 [main] INFO  org.testng.internal.Utils - [Utils] MethodGroupsHelper.sortMethods() took 7 ms.
12:14:41.003 [main] INFO  org.testng.internal.Utils - [Utils] MethodGroupsHelper.collectMethodsByGroup() took 0 ms.
12:14:41.003 [main] INFO  org.testng.internal.Utils - [Utils] MethodGroupsHelper.sortMethods() took 0 ms.
12:14:41.004 [main] INFO  org.testng.internal.Utils - [Utils] MethodGroupsHelper.collectMethodsByGroup() took 0 ms.
12:14:41.005 [main] INFO  org.testng.internal.Utils - [Utils] MethodGroupsHelper.sortMethods() took 0 ms.
12:14:41.005 [main] INFO  org.testng.internal.Utils - [Utils] MethodGroupsHelper.collectMethodsByGroup() took 0 ms.
12:14:41.005 [main] INFO  org.testng.internal.Utils - [Utils] MethodGroupsHelper.sortMethods() took 0 ms.
12:14:41.007 [main] INFO  org.testng.internal.Utils - [Utils] MethodGroupsHelper.collectMethodsByGroup() took 0 ms.
12:14:41.007 [main] INFO  org.testng.internal.Utils - [Utils] MethodGroupsHelper.sortMethods() took 0 ms.
12:14:41.008 [main] INFO  org.testng.internal.Utils - [Utils] MethodGroupsHelper.collectMethodsByGroup() took 0 ms.
12:14:41.008 [main] INFO  org.testng.internal.Utils - [Utils] MethodGroupsHelper.sortMethods() took 0 ms.
12:14:41.010 [main] INFO  org.testng.internal.Utils - [Utils] MethodGroupsHelper.collectMethodsByGroup() took 0 ms.
12:14:41.010 [main] INFO  org.testng.internal.Utils - [Utils] MethodGroupsHelper.sortMethods() took 0 ms.
12:14:41.010 [main] INFO  org.testng.internal.Utils - [Utils] MethodGroupsHelper.collectMethodsByGroup() took 0 ms.
12:14:41.011 [main] INFO  org.testng.internal.Utils - [Utils] MethodGroupsHelper.sortMethods() took 0 ms.
12:14:41.012 [main] INFO  org.testng.internal.Utils - [Utils] MethodGroupsHelper.collectMethodsByGroup() took 0 ms.
12:14:41.012 [main] INFO  org.testng.internal.Utils - [Utils] MethodGroupsHelper.sortMethods() took 0 ms.
12:14:41.013 [main] INFO  org.testng.internal.Utils - [Utils] MethodGroupsHelper.collectMethodsByGroup() took 0 ms.
12:14:41.014 [main] INFO  org.testng.internal.Utils - [Utils] MethodGroupsHelper.sortMethods() took 0 ms.
12:14:41.014 [main] INFO  org.testng.internal.Utils - [Utils] MethodGroupsHelper.collectMethodsByGroup() took 0 ms.
12:14:41.014 [main] INFO  org.testng.internal.Utils - [Utils] MethodGroupsHelper.sortMethods() took 0 ms.
12:14:41.020 [main] INFO  org.testng.internal.Utils - [TestNG] Running:
  C:\Users\dnyan\AppData\Local\Temp\testng-eclipse--1398849133\testng-customsuite.xml

12:14:41.035 [main] INFO  org.testng.internal.Utils - [Utils] DynamicGraphHelper.createDynamicGraph() took 4 ms.
12:14:51.759 [main] INFO  testCases.TC001_AccountRegistrationTest - ***Starting TC001_AccountRegistrationTest***
12:14:51.951 [main] INFO  testCases.TC001_AccountRegistrationTest - Clicked on my account link
12:14:52.522 [main] INFO  testCases.TC001_AccountRegistrationTest - Clicked on register link
12:14:52.525 [main] INFO  testCases.TC001_AccountRegistrationTest - Providing customer details
12:14:54.547 [main] INFO  testCases.TC001_AccountRegistrationTest - Validating expected message
12:14:54.590 [main] ERROR testCases.TC001_AccountRegistrationTest - Test failed
12:14:54.590 [main] DEBUG testCases.TC001_AccountRegistrationTest - debug logs..
12:14:55.045 [main] INFO  org.testng.internal.Utils - [TestNG] Time taken by org.testng.reporters.jq.Main@3adbe50f: 71 ms
12:14:55.063 [main] INFO  org.testng.internal.Utils - [TestNG] Time taken by org.testng.reporters.FailedReporter@4158debd: 16 ms
12:14:55.073 [main] INFO  org.testng.internal.Utils - [TestNG] Time taken by org.testng.reporters.XMLReporter@566d0c69: 10 ms
12:14:55.084 [main] INFO  org.testng.internal.Utils - [TestNG] Time taken by org.testng.reporters.EmailableReporter2@57c88764: 11 ms
12:14:55.093 [main] INFO  org.testng.internal.Utils - [TestNG] Time taken by org.testng.reporters.JUnitReportReporter@70abf9b0: 8 ms
12:14:55.093 [main] INFO  org.testng.internal.Utils - [TestNG] Time taken by org.testng.internal.ExitCodeListener@6a10b263: 0 ms
12:48:41.276 [main] DEBUG org.testng.TestNG - suiteXmlPath: "C:\Users\dnyan\Selenium-workspace\OpencartV121\master.xml"
12:48:41.450 [main] INFO  org.testng.internal.Utils - [TestNG] Running:
  C:\Users\dnyan\Selenium-workspace\OpencartV121\master.xml

12:50:01.709 [main] DEBUG org.testng.TestNG - suiteXmlPath: "C:\Users\dnyan\Selenium-workspace\OpencartV121\master.xml"
12:50:01.884 [main] INFO  org.testng.internal.Utils - [TestNG] Running:
  C:\Users\dnyan\Selenium-workspace\OpencartV121\master.xml

12:51:32.923 [main] DEBUG org.testng.TestNG - suiteXmlPath: "C:\Users\dnyan\Selenium-workspace\OpencartV121\master.xml"
12:51:33.099 [main] INFO  org.testng.internal.Utils - [TestNG] Running:
  C:\Users\dnyan\Selenium-workspace\OpencartV121\master.xml

12:55:55.612 [main] DEBUG org.testng.TestNG - suiteXmlPath: "C:\Users\dnyan\Selenium-workspace\OpencartV121\master.xml"
12:55:55.794 [main] INFO  org.testng.internal.Utils - [TestNG] Running:
  C:\Users\dnyan\Selenium-workspace\OpencartV121\master.xml

12:56:03.546 [main] INFO  testCases.TC001_AccountRegistrationTest - ***Starting TC001_AccountRegistrationTest***
12:56:03.700 [main] INFO  testCases.TC001_AccountRegistrationTest - Clicked on my account link
12:56:04.277 [main] INFO  testCases.TC001_AccountRegistrationTest - Clicked on register link
12:56:04.282 [main] INFO  testCases.TC001_AccountRegistrationTest - Providing customer details
12:56:05.084 [main] INFO  testCases.TC001_AccountRegistrationTest - Validating expected message
12:56:10.926 [main] INFO  testCases.TC001_AccountRegistrationTest - ***TC001_AccountRegistrationTest Finished***
13:12:03.139 [main] DEBUG org.testng.TestNG - suiteXmlPath: "C:\Users\dnyan\Selenium-workspace\OpencartV121\crossbrowsertesting.xml"
13:12:03.342 [main] INFO  org.testng.internal.Utils - [TestNG] Running:
  C:\Users\dnyan\Selenium-workspace\OpencartV121\crossbrowsertesting.xml

13:12:09.561 [TestNG-tests-1] INFO  testCases.TC001_AccountRegistrationTest - ***Starting TC001_AccountRegistrationTest***
13:12:09.713 [TestNG-tests-1] INFO  testCases.TC001_AccountRegistrationTest - Clicked on my account link
13:12:11.001 [TestNG-tests-1] INFO  testCases.TC001_AccountRegistrationTest - Clicked on register link
13:12:11.001 [TestNG-tests-1] INFO  testCases.TC001_AccountRegistrationTest - Providing customer details
13:12:40.976 [TestNG-tests-1] INFO  testCases.TC001_AccountRegistrationTest - Validating expected message
13:12:50.086 [TestNG-tests-1] ERROR testCases.TC001_AccountRegistrationTest - Test failed
13:12:50.086 [TestNG-tests-1] DEBUG testCases.TC001_AccountRegistrationTest - debug logs..
13:15:36.541 [main] DEBUG org.testng.TestNG - suiteXmlPath: "C:\Users\dnyan\Selenium-workspace\OpencartV121\crossbrowsertesting.xml"
13:15:36.715 [main] INFO  org.testng.internal.Utils - [TestNG] Running:
  C:\Users\dnyan\Selenium-workspace\OpencartV121\crossbrowsertesting.xml

13:15:49.759 [TestNG-tests-1] INFO  testCases.TC001_AccountRegistrationTest - ***Starting TC001_AccountRegistrationTest***
13:15:49.774 [TestNG-tests-2] INFO  testCases.TC001_AccountRegistrationTest - ***Starting TC001_AccountRegistrationTest***
13:15:49.935 [TestNG-tests-1] INFO  testCases.TC001_AccountRegistrationTest - Clicked on my account link
13:15:50.000 [TestNG-tests-2] INFO  testCases.TC001_AccountRegistrationTest - Clicked on my account link
13:15:50.609 [TestNG-tests-1] INFO  testCases.TC001_AccountRegistrationTest - Clicked on register link
13:15:50.617 [TestNG-tests-1] INFO  testCases.TC001_AccountRegistrationTest - Providing customer details
13:15:50.670 [TestNG-tests-2] INFO  testCases.TC001_AccountRegistrationTest - Clicked on register link
13:15:50.674 [TestNG-tests-2] INFO  testCases.TC001_AccountRegistrationTest - Providing customer details
13:15:52.812 [TestNG-tests-2] INFO  testCases.TC001_AccountRegistrationTest - Validating expected message
13:15:53.173 [TestNG-tests-1] INFO  testCases.TC001_AccountRegistrationTest - Validating expected message
13:15:57.274 [TestNG-tests-1] INFO  testCases.TC001_AccountRegistrationTest - ***TC001_AccountRegistrationTest Finished***
13:16:02.870 [TestNG-tests-2] ERROR testCases.TC001_AccountRegistrationTest - Test failed
13:16:02.870 [TestNG-tests-2] DEBUG testCases.TC001_AccountRegistrationTest - debug logs..
13:46:12.844 [main] DEBUG org.testng.TestNG - suiteXmlPath: "C:\Users\dnyan\Selenium-workspace\OpencartV121\master.xml"
13:46:13.023 [main] INFO  org.testng.internal.Utils - [TestNG] Running:
  C:\Users\dnyan\Selenium-workspace\OpencartV121\master.xml

13:47:39.193 [main] DEBUG org.testng.TestNG - suiteXmlPath: "C:\Users\dnyan\Selenium-workspace\OpencartV121\master.xml"
13:47:39.387 [main] INFO  org.testng.internal.Utils - [TestNG] Running:
  C:\Users\dnyan\Selenium-workspace\OpencartV121\master.xml

13:47:43.444 [main] INFO  testCases.TC001_AccountRegistrationTest - ***Starting TC001_AccountRegistrationTest***
13:47:43.581 [main] INFO  testCases.TC001_AccountRegistrationTest - Clicked on my account link
13:47:44.062 [main] INFO  testCases.TC001_AccountRegistrationTest - Clicked on register link
13:47:44.064 [main] INFO  testCases.TC001_AccountRegistrationTest - Providing customer details
13:47:44.860 [main] INFO  testCases.TC001_AccountRegistrationTest - Validating expected message
13:47:49.958 [main] INFO  testCases.TC001_AccountRegistrationTest - ***TC001_AccountRegistrationTest Finished***
16:47:34.788 [main] DEBUG org.testng.TestNG - suiteXmlPath: "C:\Users\dnyan\Selenium-workspace\OpencartV121\master.xml"
16:47:34.978 [main] INFO  org.testng.internal.Utils - [TestNG] Running:
  C:\Users\dnyan\Selenium-workspace\OpencartV121\master.xml

16:47:50.167 [main] INFO  testCases.TC002_LoginTest - *** Starting TC002_LoginTest ***
16:47:52.264 [main] INFO  testCases.TC002_LoginTest - *** TC002_LoginTest Finished ***
