12:38:22.500 [main] DEBUG org.testng.TestNG - suiteXmlPath: "C:\Users\dnyan\Selenium-workspace\OpencartV121\master.xml"
12:38:22.807 [main] INFO  org.testng.internal.Utils - [TestNG] Running:
  C:\Users\dnyan\Selenium-workspace\OpencartV121\master.xml

12:38:41.891 [main] DEBUG org.apache.poi.openxml4j.opc.PackageRelationshipCollection - Parsing relationship: /xl/_rels/workbook.xml.rels
12:38:41.900 [main] DEBUG org.apache.poi.openxml4j.opc.PackageRelationshipCollection - Parsing relationship: /xl/worksheets/_rels/sheet1.xml.rels
12:38:41.904 [main] DEBUG org.apache.poi.openxml4j.opc.PackageRelationshipCollection - Parsing relationship: /_rels/.rels
12:38:42.912 [main] DEBUG org.apache.poi.ooxml.POIXMLFactory - using default POIXMLDocumentPart for http://schemas.openxmlformats.org/officeDocument/2006/relationships/printerSettings
12:38:43.155 [main] DEBUG org.apache.poi.openxml4j.opc.PackageRelationshipCollection - Parsing relationship: /xl/_rels/workbook.xml.rels
12:38:43.157 [main] DEBUG org.apache.poi.openxml4j.opc.PackageRelationshipCollection - Parsing relationship: /xl/worksheets/_rels/sheet1.xml.rels
12:38:43.163 [main] DEBUG org.apache.poi.openxml4j.opc.PackageRelationshipCollection - Parsing relationship: /_rels/.rels
12:38:43.187 [main] DEBUG org.apache.poi.ooxml.POIXMLFactory - using default POIXMLDocumentPart for http://schemas.openxmlformats.org/officeDocument/2006/relationships/printerSettings
12:38:43.208 [main] DEBUG org.apache.poi.openxml4j.opc.PackageRelationshipCollection - Parsing relationship: /xl/_rels/workbook.xml.rels
12:38:43.210 [main] DEBUG org.apache.poi.openxml4j.opc.PackageRelationshipCollection - Parsing relationship: /xl/worksheets/_rels/sheet1.xml.rels
12:38:43.213 [main] DEBUG org.apache.poi.openxml4j.opc.PackageRelationshipCollection - Parsing relationship: /_rels/.rels
12:38:43.244 [main] DEBUG org.apache.poi.ooxml.POIXMLFactory - using default POIXMLDocumentPart for http://schemas.openxmlformats.org/officeDocument/2006/relationships/printerSettings
12:38:43.296 [main] DEBUG org.apache.poi.openxml4j.opc.PackageRelationshipCollection - Parsing relationship: /xl/_rels/workbook.xml.rels
12:38:43.298 [main] DEBUG org.apache.poi.openxml4j.opc.PackageRelationshipCollection - Parsing relationship: /xl/worksheets/_rels/sheet1.xml.rels
12:38:43.302 [main] DEBUG org.apache.poi.openxml4j.opc.PackageRelationshipCollection - Parsing relationship: /_rels/.rels
12:38:43.322 [main] DEBUG org.apache.poi.ooxml.POIXMLFactory - using default POIXMLDocumentPart for http://schemas.openxmlformats.org/officeDocument/2006/relationships/printerSettings
12:38:43.342 [main] DEBUG org.apache.poi.openxml4j.opc.PackageRelationshipCollection - Parsing relationship: /xl/_rels/workbook.xml.rels
12:38:43.342 [main] DEBUG org.apache.poi.openxml4j.opc.PackageRelationshipCollection - Parsing relationship: /xl/worksheets/_rels/sheet1.xml.rels
12:38:43.354 [main] DEBUG org.apache.poi.openxml4j.opc.PackageRelationshipCollection - Parsing relationship: /_rels/.rels
12:38:43.370 [main] DEBUG org.apache.poi.ooxml.POIXMLFactory - using default POIXMLDocumentPart for http://schemas.openxmlformats.org/officeDocument/2006/relationships/printerSettings
12:38:43.406 [main] DEBUG org.apache.poi.openxml4j.opc.PackageRelationshipCollection - Parsing relationship: /xl/_rels/workbook.xml.rels
12:38:43.406 [main] DEBUG org.apache.poi.openxml4j.opc.PackageRelationshipCollection - Parsing relationship: /xl/worksheets/_rels/sheet1.xml.rels
12:38:43.406 [main] DEBUG org.apache.poi.openxml4j.opc.PackageRelationshipCollection - Parsing relationship: /_rels/.rels
12:38:43.434 [main] DEBUG org.apache.poi.ooxml.POIXMLFactory - using default POIXMLDocumentPart for http://schemas.openxmlformats.org/officeDocument/2006/relationships/printerSettings
12:38:43.456 [main] DEBUG org.apache.poi.openxml4j.opc.PackageRelationshipCollection - Parsing relationship: /xl/_rels/workbook.xml.rels
12:38:43.464 [main] DEBUG org.apache.poi.openxml4j.opc.PackageRelationshipCollection - Parsing relationship: /xl/worksheets/_rels/sheet1.xml.rels
12:38:43.465 [main] DEBUG org.apache.poi.openxml4j.opc.PackageRelationshipCollection - Parsing relationship: /_rels/.rels
12:38:43.481 [main] DEBUG org.apache.poi.ooxml.POIXMLFactory - using default POIXMLDocumentPart for http://schemas.openxmlformats.org/officeDocument/2006/relationships/printerSettings
12:38:43.521 [main] DEBUG org.apache.poi.openxml4j.opc.PackageRelationshipCollection - Parsing relationship: /xl/_rels/workbook.xml.rels
12:38:43.521 [main] DEBUG org.apache.poi.openxml4j.opc.PackageRelationshipCollection - Parsing relationship: /xl/worksheets/_rels/sheet1.xml.rels
12:38:43.526 [main] DEBUG org.apache.poi.openxml4j.opc.PackageRelationshipCollection - Parsing relationship: /_rels/.rels
12:38:43.548 [main] DEBUG org.apache.poi.ooxml.POIXMLFactory - using default POIXMLDocumentPart for http://schemas.openxmlformats.org/officeDocument/2006/relationships/printerSettings
12:38:43.580 [main] DEBUG org.apache.poi.openxml4j.opc.PackageRelationshipCollection - Parsing relationship: /xl/_rels/workbook.xml.rels
12:38:43.582 [main] DEBUG org.apache.poi.openxml4j.opc.PackageRelationshipCollection - Parsing relationship: /xl/worksheets/_rels/sheet1.xml.rels
12:38:43.584 [main] DEBUG org.apache.poi.openxml4j.opc.PackageRelationshipCollection - Parsing relationship: /_rels/.rels
12:38:43.604 [main] DEBUG org.apache.poi.ooxml.POIXMLFactory - using default POIXMLDocumentPart for http://schemas.openxmlformats.org/officeDocument/2006/relationships/printerSettings
12:38:43.640 [main] DEBUG org.apache.poi.openxml4j.opc.PackageRelationshipCollection - Parsing relationship: /xl/_rels/workbook.xml.rels
12:38:43.642 [main] DEBUG org.apache.poi.openxml4j.opc.PackageRelationshipCollection - Parsing relationship: /xl/worksheets/_rels/sheet1.xml.rels
12:38:43.642 [main] DEBUG org.apache.poi.openxml4j.opc.PackageRelationshipCollection - Parsing relationship: /_rels/.rels
12:38:43.664 [main] DEBUG org.apache.poi.ooxml.POIXMLFactory - using default POIXMLDocumentPart for http://schemas.openxmlformats.org/officeDocument/2006/relationships/printerSettings
12:38:43.689 [main] DEBUG org.apache.poi.openxml4j.opc.PackageRelationshipCollection - Parsing relationship: /xl/_rels/workbook.xml.rels
12:38:43.689 [main] DEBUG org.apache.poi.openxml4j.opc.PackageRelationshipCollection - Parsing relationship: /xl/worksheets/_rels/sheet1.xml.rels
12:38:43.689 [main] DEBUG org.apache.poi.openxml4j.opc.PackageRelationshipCollection - Parsing relationship: /_rels/.rels
12:38:43.708 [main] DEBUG org.apache.poi.ooxml.POIXMLFactory - using default POIXMLDocumentPart for http://schemas.openxmlformats.org/officeDocument/2006/relationships/printerSettings
12:38:43.734 [main] DEBUG org.apache.poi.openxml4j.opc.PackageRelationshipCollection - Parsing relationship: /xl/_rels/workbook.xml.rels
12:38:43.734 [main] DEBUG org.apache.poi.openxml4j.opc.PackageRelationshipCollection - Parsing relationship: /xl/worksheets/_rels/sheet1.xml.rels
12:38:43.742 [main] DEBUG org.apache.poi.openxml4j.opc.PackageRelationshipCollection - Parsing relationship: /_rels/.rels
12:38:43.761 [main] DEBUG org.apache.poi.ooxml.POIXMLFactory - using default POIXMLDocumentPart for http://schemas.openxmlformats.org/officeDocument/2006/relationships/printerSettings
12:38:43.781 [main] DEBUG org.apache.poi.openxml4j.opc.PackageRelationshipCollection - Parsing relationship: /xl/_rels/workbook.xml.rels
12:38:43.781 [main] DEBUG org.apache.poi.openxml4j.opc.PackageRelationshipCollection - Parsing relationship: /xl/worksheets/_rels/sheet1.xml.rels
12:38:43.789 [main] DEBUG org.apache.poi.openxml4j.opc.PackageRelationshipCollection - Parsing relationship: /_rels/.rels
12:38:43.811 [main] DEBUG org.apache.poi.ooxml.POIXMLFactory - using default POIXMLDocumentPart for http://schemas.openxmlformats.org/officeDocument/2006/relationships/printerSettings
12:38:43.837 [main] DEBUG org.apache.poi.openxml4j.opc.PackageRelationshipCollection - Parsing relationship: /xl/_rels/workbook.xml.rels
12:38:43.839 [main] DEBUG org.apache.poi.openxml4j.opc.PackageRelationshipCollection - Parsing relationship: /xl/worksheets/_rels/sheet1.xml.rels
12:38:43.839 [main] DEBUG org.apache.poi.openxml4j.opc.PackageRelationshipCollection - Parsing relationship: /_rels/.rels
12:38:43.860 [main] DEBUG org.apache.poi.ooxml.POIXMLFactory - using default POIXMLDocumentPart for http://schemas.openxmlformats.org/officeDocument/2006/relationships/printerSettings
12:38:43.888 [main] DEBUG org.apache.poi.openxml4j.opc.PackageRelationshipCollection - Parsing relationship: /xl/_rels/workbook.xml.rels
12:38:43.889 [main] DEBUG org.apache.poi.openxml4j.opc.PackageRelationshipCollection - Parsing relationship: /xl/worksheets/_rels/sheet1.xml.rels
12:38:43.889 [main] DEBUG org.apache.poi.openxml4j.opc.PackageRelationshipCollection - Parsing relationship: /_rels/.rels
12:38:43.908 [main] DEBUG org.apache.poi.ooxml.POIXMLFactory - using default POIXMLDocumentPart for http://schemas.openxmlformats.org/officeDocument/2006/relationships/printerSettings
12:38:43.927 [main] DEBUG org.apache.poi.openxml4j.opc.PackageRelationshipCollection - Parsing relationship: /xl/_rels/workbook.xml.rels
12:38:43.929 [main] DEBUG org.apache.poi.openxml4j.opc.PackageRelationshipCollection - Parsing relationship: /xl/worksheets/_rels/sheet1.xml.rels
12:38:43.931 [main] DEBUG org.apache.poi.openxml4j.opc.PackageRelationshipCollection - Parsing relationship: /_rels/.rels
12:38:43.949 [main] DEBUG org.apache.poi.ooxml.POIXMLFactory - using default POIXMLDocumentPart for http://schemas.openxmlformats.org/officeDocument/2006/relationships/printerSettings
12:38:43.971 [main] DEBUG org.apache.poi.openxml4j.opc.PackageRelationshipCollection - Parsing relationship: /xl/_rels/workbook.xml.rels
12:38:43.971 [main] DEBUG org.apache.poi.openxml4j.opc.PackageRelationshipCollection - Parsing relationship: /xl/worksheets/_rels/sheet1.xml.rels
12:38:43.973 [main] DEBUG org.apache.poi.openxml4j.opc.PackageRelationshipCollection - Parsing relationship: /_rels/.rels
12:38:43.986 [main] DEBUG org.apache.poi.ooxml.POIXMLFactory - using default POIXMLDocumentPart for http://schemas.openxmlformats.org/officeDocument/2006/relationships/printerSettings
12:38:44.046 [main] INFO  testCases.TC003_LoginDDT - *** Starting TC003_LoginDDT ***
12:38:48.567 [main] INFO  testCases.TC003_LoginDDT - *** Finished TC003_LoginDDT ***
12:38:48.576 [main] INFO  testCases.TC003_LoginDDT - *** Starting TC003_LoginDDT ***
12:39:01.402 [main] INFO  testCases.TC003_LoginDDT - *** Starting TC003_LoginDDT ***
12:39:15.704 [main] INFO  testCases.TC003_LoginDDT - *** Finished TC003_LoginDDT ***
12:39:15.709 [main] INFO  testCases.TC003_LoginDDT - *** Starting TC003_LoginDDT ***
12:39:28.402 [main] INFO  testCases.TC003_LoginDDT - *** Finished TC003_LoginDDT ***
12:39:28.409 [main] INFO  testCases.TC003_LoginDDT - *** Starting TC003_LoginDDT ***
14:56:45.101 [main] DEBUG org.testng.TestNG - suiteXmlPath: "C:\Users\dnyan\Selenium-workspace\OpencartV121\grouping.xml"
14:56:45.363 [main] INFO  org.testng.internal.Utils - [TestNG] Running:
  C:\Users\dnyan\Selenium-workspace\OpencartV121\grouping.xml

14:56:53.330 [main] INFO  testCases.TC001_AccountRegistrationTest - ***Starting TC001_AccountRegistrationTest***
14:56:53.470 [main] INFO  testCases.TC001_AccountRegistrationTest - Clicked on my account link
14:56:54.378 [main] INFO  testCases.TC001_AccountRegistrationTest - Clicked on register link
14:56:54.405 [main] INFO  testCases.TC001_AccountRegistrationTest - Providing customer details
14:56:55.122 [main] INFO  testCases.TC001_AccountRegistrationTest - Validating expected message
14:57:00.861 [main] INFO  testCases.TC001_AccountRegistrationTest - ***TC001_AccountRegistrationTest Finished***
14:57:03.608 [main] INFO  testCases.TC002_LoginTest - *** Starting TC002_LoginTest ***
14:57:06.023 [main] INFO  testCases.TC002_LoginTest - *** TC002_LoginTest Finished ***
15:02:47.705 [main] DEBUG org.testng.TestNG - suiteXmlPath: "C:\Users\dnyan\Selenium-workspace\OpencartV121\grouping.xml"
15:02:47.914 [main] INFO  org.testng.internal.Utils - [TestNG] Running:
  C:\Users\dnyan\Selenium-workspace\OpencartV121\grouping.xml

15:02:49.678 [main] INFO  testCases.TC002_LoginTest - *** Starting TC002_LoginTest ***
15:03:59.180 [main] DEBUG org.testng.TestNG - suiteXmlPath: "C:\Users\dnyan\Selenium-workspace\OpencartV121\grouping.xml"
15:03:59.365 [main] INFO  org.testng.internal.Utils - [TestNG] Running:
  C:\Users\dnyan\Selenium-workspace\OpencartV121\grouping.xml

15:04:01.966 [main] INFO  testCases.TC002_LoginTest - *** Starting TC002_LoginTest ***
15:04:04.560 [main] INFO  testCases.TC002_LoginTest - *** TC002_LoginTest Finished ***
15:04:31.037 [main] DEBUG org.testng.TestNG - suiteXmlPath: "C:\Users\dnyan\Selenium-workspace\OpencartV121\grouping.xml"
15:04:31.243 [main] INFO  org.testng.internal.Utils - [TestNG] Running:
  C:\Users\dnyan\Selenium-workspace\OpencartV121\grouping.xml

15:04:42.777 [main] DEBUG org.testng.TestNG - suiteXmlPath: "C:\Users\dnyan\Selenium-workspace\OpencartV121\grouping.xml"
15:04:42.966 [main] INFO  org.testng.internal.Utils - [TestNG] Running:
  C:\Users\dnyan\Selenium-workspace\OpencartV121\grouping.xml

15:04:59.689 [main] DEBUG org.testng.TestNG - suiteXmlPath: "C:\Users\dnyan\Selenium-workspace\OpencartV121\grouping.xml"
15:04:59.880 [main] INFO  org.testng.internal.Utils - [TestNG] Running:
  C:\Users\dnyan\Selenium-workspace\OpencartV121\grouping.xml

15:05:03.513 [main] INFO  testCases.TC002_LoginTest - *** Starting TC002_LoginTest ***
15:05:08.069 [main] INFO  testCases.TC002_LoginTest - *** TC002_LoginTest Finished ***
