15:28:30.317 [main] DEBUG org.testng.TestNG - suiteXmlPath: "C:\Users\dnyan\Selenium-workspace\OpencartV121\grouping.xml"
15:28:30.619 [main] INFO  org.testng.internal.Utils - [TestNG] Running:
  C:\Users\dnyan\Selenium-workspace\OpencartV121\grouping.xml

15:28:38.067 [main] INFO  testCases.TC001_AccountRegistrationTest - ***Starting TC001_AccountRegistrationTest***
15:28:38.256 [main] INFO  testCases.TC001_AccountRegistrationTest - Clicked on my account link
15:28:38.778 [main] INFO  testCases.TC001_AccountRegistrationTest - Clicked on register link
15:28:38.808 [main] INFO  testCases.TC001_AccountRegistrationTest - Providing customer details
15:28:40.880 [main] INFO  testCases.TC001_AccountRegistrationTest - Validating expected message
15:28:44.935 [main] INFO  testCases.TC001_AccountRegistrationTest - ***TC001_AccountRegistrationTest Finished***
15:28:48.641 [main] INFO  testCases.TC002_LoginTest - *** Starting TC002_LoginTest ***
15:28:50.699 [main] INFO  testCases.TC002_LoginTest - *** TC002_LoginTest Finished ***
15:33:13.793 [main] DEBUG org.testng.TestNG - suiteXmlPath: "C:\Users\dnyan\Selenium-workspace\OpencartV121\grouping.xml"
15:33:14.027 [main] INFO  org.testng.internal.Utils - [TestNG] Running:
  C:\Users\dnyan\Selenium-workspace\OpencartV121\grouping.xml

15:33:17.022 [main] INFO  testCases.TC001_AccountRegistrationTest - ***Starting TC001_AccountRegistrationTest***
15:33:17.136 [main] INFO  testCases.TC001_AccountRegistrationTest - Clicked on my account link
15:33:17.581 [main] INFO  testCases.TC001_AccountRegistrationTest - Clicked on register link
15:33:17.586 [main] INFO  testCases.TC001_AccountRegistrationTest - Providing customer details
15:33:20.186 [main] INFO  testCases.TC001_AccountRegistrationTest - Validating expected message
15:33:24.249 [main] INFO  testCases.TC001_AccountRegistrationTest - ***TC001_AccountRegistrationTest Finished***
15:33:27.208 [main] INFO  testCases.TC002_LoginTest - *** Starting TC002_LoginTest ***
15:33:28.874 [main] INFO  testCases.TC002_LoginTest - *** TC002_LoginTest Finished ***
15:39:44.287 [main] DEBUG org.testng.TestNG - suiteXmlPath: "C:\Users\dnyan\Selenium-workspace\OpencartV121\grouping.xml"
15:39:44.519 [main] INFO  org.testng.internal.Utils - [TestNG] Running:
  C:\Users\dnyan\Selenium-workspace\OpencartV121\grouping.xml

15:39:48.316 [main] INFO  testCases.TC001_AccountRegistrationTest - ***Starting TC001_AccountRegistrationTest***
15:39:48.494 [main] INFO  testCases.TC001_AccountRegistrationTest - Clicked on my account link
15:39:49.140 [main] INFO  testCases.TC001_AccountRegistrationTest - Clicked on register link
15:39:49.150 [main] INFO  testCases.TC001_AccountRegistrationTest - Providing customer details
15:39:51.868 [main] INFO  testCases.TC001_AccountRegistrationTest - Validating expected message
15:39:55.912 [main] INFO  testCases.TC001_AccountRegistrationTest - ***TC001_AccountRegistrationTest Finished***
15:40:00.697 [main] INFO  testCases.TC002_LoginTest - *** Starting TC002_LoginTest ***
15:40:05.373 [main] INFO  testCases.TC002_LoginTest - *** TC002_LoginTest Finished ***
15:43:08.404 [main] DEBUG org.testng.TestNG - suiteXmlPath: "C:\Users\dnyan\Selenium-workspace\OpencartV121\grouping.xml"
15:43:08.594 [main] INFO  org.testng.internal.Utils - [TestNG] Running:
  C:\Users\dnyan\Selenium-workspace\OpencartV121\grouping.xml

15:43:12.317 [main] INFO  testCases.TC001_AccountRegistrationTest - ***Starting TC001_AccountRegistrationTest***
15:43:12.442 [main] INFO  testCases.TC001_AccountRegistrationTest - Clicked on my account link
15:43:13.123 [main] INFO  testCases.TC001_AccountRegistrationTest - Clicked on register link
15:43:13.128 [main] INFO  testCases.TC001_AccountRegistrationTest - Providing customer details
15:43:13.848 [main] INFO  testCases.TC001_AccountRegistrationTest - Validating expected message
15:43:20.875 [main] INFO  testCases.TC001_AccountRegistrationTest - ***TC001_AccountRegistrationTest Finished***
15:43:24.344 [main] INFO  testCases.TC002_LoginTest - *** Starting TC002_LoginTest ***
15:43:26.302 [main] INFO  testCases.TC002_LoginTest - *** TC002_LoginTest Finished ***
16:46:52.234 [main] DEBUG org.testng.TestNG - suiteXmlPath: "C:\Users\dnyan\Selenium-workspace\OpencartV121\grouping.xml"
16:46:52.429 [main] INFO  org.testng.internal.Utils - [TestNG] Running:
  C:\Users\dnyan\Selenium-workspace\OpencartV121\grouping.xml

16:47:03.893 [main] INFO  testCases.TC001_AccountRegistrationTest - ***Starting TC001_AccountRegistrationTest***
16:47:04.036 [main] INFO  testCases.TC001_AccountRegistrationTest - Clicked on my account link
16:47:04.635 [main] INFO  testCases.TC001_AccountRegistrationTest - Clicked on register link
16:47:04.638 [main] INFO  testCases.TC001_AccountRegistrationTest - Providing customer details
16:47:05.376 [main] INFO  testCases.TC001_AccountRegistrationTest - Validating expected message
16:47:11.195 [main] INFO  testCases.TC001_AccountRegistrationTest - ***TC001_AccountRegistrationTest Finished***
16:47:13.827 [main] INFO  testCases.TC002_LoginTest - *** Starting TC002_LoginTest ***
17:07:26.272 [main] DEBUG org.testng.TestNG - suiteXmlPath: "C:\Users\dnyan\Selenium-workspace\OpencartV121\test-output\testng-failed.xml"
17:07:26.510 [main] INFO  org.testng.internal.Utils - [TestNG] Running:
  C:\Users\dnyan\Selenium-workspace\OpencartV121\test-output\testng-failed.xml

17:07:29.243 [main] INFO  testCases.TC002_LoginTest - *** Starting TC002_LoginTest ***
17:08:41.592 [main] DEBUG org.testng.TestNG - suiteXmlPath: "C:\Users\dnyan\Selenium-workspace\OpencartV121\test-output\testng-failed.xml"
17:08:41.815 [main] INFO  org.testng.internal.Utils - [TestNG] Running:
  C:\Users\dnyan\Selenium-workspace\OpencartV121\test-output\testng-failed.xml

17:08:44.384 [main] INFO  testCases.TC002_LoginTest - *** Starting TC002_LoginTest ***
17:08:46.583 [main] INFO  testCases.TC002_LoginTest - *** TC002_LoginTest Finished ***
